// Jest Snapshot v1, https://goo.gl/fbAQLP

exports[`Test HeroScreen Should render correctly 1`] = `
<h1>
  No hero page
</h1>
`;
