// Jest Snapshot v1, https://goo.gl/fbAQLP

exports[`Test PrivateRoute Should render ok 1`] = `
<h1>
  Private Component
</h1>
`;
